TAP version 13
1..14
not ok 1 test_fail_expect_false
  ---
  message: '
  test.c:75: 1 == 1 was expected to be FALSE
    EXPECT_FALSE alone can fail the test
  '
  ...
not ok 2 test_fail_expect_int_eq
  ---
  message: '
  test.c:80: 1 and 2 were expected to be equal
    Values: 1, 2
    EXPECT_INT_EQ alone can fail the test
  '
  ...
not ok 3 test_fail_expect_int_ne
  ---
  message: '
  test.c:85: 1 and 1 were expected to be different
    Values: 1, 1
    EXPECT_INT_NE alone can fail the test
  '
  ...
not ok 4 test_fail_expect_mem_eq
  ---
  message: '
  test.c:124: a and b were expected to contain the same data
    First: 010203
    Second: 010204
    EXPECT_MEM_EQ alone can fail the test
  '
  ...
not ok 5 test_fail_expect_mem_ne
  ---
  message: '
  test.c:132: a and b were expected to contain different data
    First: 010203
    Second: 010203
    EXPECT_MEM_NE alone can fail the test
  '
  ...
not ok 6 test_fail_expect_ptr_eq
  ---
  message: '
  test.c:100: NULL and (void *)0x80000000 were expected to be equal
    Values: (nil), 0x80000000
    EXPECT_PTR_EQ alone can fail the test
  '
  ...
not ok 7 test_fail_expect_ptr_ne
  ---
  message: '
  test.c:106: NULL and NULL were expected to be different
    Values: (nil), (nil)
    EXPECT_PTR_NE alone can fail the test
  '
  ...
not ok 8 test_fail_expect_str_eq
  ---
  message: '
  test.c:111: "aab" and "aabb" were expected to be equal
    Values: `aab`, `aabb`
    EXPECT_STR_EQ alone can fail the test
  '
  ...
not ok 9 test_fail_expect_str_ne
  ---
  message: '
  test.c:116: "ddd" and "ddd" were expected to be different
    Values: `ddd`, `ddd`
    EXPECT_STR_NE alone can fail the test
  '
  ...
not ok 10 test_fail_expect_true
  ---
  message: '
  test.c:70: 1 == 2 was expected to be TRUE
    EXPECT_TRUE alone can fail the test
  '
  ...
not ok 11 test_fail_expect_uint_eq
  ---
  message: '
  test.c:90: 1 and 2 were expected to be equal
    Values: 1, 2
    EXPECT_UINT_EQ alone can fail the test
  '
  ...
not ok 12 test_fail_expect_uint_ne
  ---
  message: '
  test.c:95: 2 and 2 were expected to be different
    Values: 2, 2
    EXPECT_UINT_NE alone can fail the test
  '
  ...
not ok 13 test_fail_expect_with_no_message
  ---
  message: '
  test.c:11: a_bool was expected to be TRUE
  test.c:13: ANOTHER_BOOL was expected to be FALSE
  test.c:18: A and B were expected to be equal
    Values: -1, 1
  test.c:19: B and B were expected to be different
    Values: 1, 1
  test.c:23: 0x1 and 0x2 wer
  '
  ...
ok 14 test_pass_expect
