TAP version 13
1..53
not ok 1 test_fail_assert_false_define
  ---
  message: 'test.c:63: assertion failed: `!(B > A)` - check error messages with preprocessor definitions'
  ...
not ok 2 test_fail_assert_false_literal
  ---
  message: 'test.c:48: assertion failed: `!(20 > 10)` - check error messages with literals'
  ...
not ok 3 test_fail_assert_false_no_message
  ---
  message: 'test.c:44: assertion failed: `!(20 > 10)` - '
  ...
not ok 4 test_fail_assert_false_var
  ---
  message: 'test.c:56: assertion failed: `!(a != b)` - check error messages with variable names'
  ...
not ok 5 test_fail_assert_int_eq_define
  ---
  message: 'test.c:154: assertion failed: `A == B`. Values: 5, 10. check error messages with preprocessor definitions'
  ...
not ok 6 test_fail_assert_int_eq_formatted_message
  ---
  message: 'test.c:134: assertion failed: `a == b`. Values: 2, -3. sum: -1'
  ...
not ok 7 test_fail_assert_int_eq_literal
  ---
  message: 'test.c:139: assertion failed: `-20 == 10`. Values: -20, 10. check error messages with literals'
  ...
not ok 8 test_fail_assert_int_eq_var
  ---
  message: 'test.c:147: assertion failed: `a == b`. Values: 2, -3. check error messages with variable names'
  ...
not ok 9 test_fail_assert_int_ne_define
  ---
  message: 'test.c:181: assertion failed: `A != B`. Values: -500, -500. check error messages with preprocessor definitions'
  ...
not ok 10 test_fail_assert_int_ne_literal
  ---
  message: 'test.c:166: assertion failed: `-20 != -20`. Values: -20, -20. check error messages with literals'
  ...
not ok 11 test_fail_assert_int_ne_var
  ---
  message: 'test.c:174: assertion failed: `a != b`. Values: 3, 3. check error messages with variable names'
  ...
not ok 12 test_fail_assert_mem_eq_first_byte
  ---
  message: 'test.c:306: assertion failed: buffers are not equal.first byte different - Values: aabbcc, ddbbcc'
  ...
not ok 13 test_fail_assert_mem_eq_last_byte
  ---
  message: 'test.c:314: assertion failed: buffers are not equal.last byte different - Values: aabbcc, aabbdd'
  ...
not ok 14 test_fail_assert_mem_eq_no_message
  ---
  message: 'test.c:298: assertion failed: buffers are not equal. - Values: aabbcc, ddbbcc'
  ...
not ok 15 test_fail_assert_mem_eq_truncated_buf
  ---
  message: 'test.c:328: assertion failed: buffers are not equal.big buffer, last byte different - Values: 000102030405060708090a0b0c0d0e0f101112131415161718191a1b1c1d1e, 000102030405060708090a0b0c0d0e0f101112131415161718191a1b1c1d1e'
  ...
not ok 16 test_fail_assert_mem_ne
  ---
  message: 'test.c:356: assertion failed: buffers are not equal.same content, size: 3 - Values: aabbcc, aabbcc'
  ...
not ok 17 test_fail_assert_ptr_eq
  ---
  message: 'test.c:204: assertion failed: `ptr == NULL`. Values: 0x80000001, (nil). comparing valid pointer to NULL'
  ...
not ok 18 test_fail_assert_ptr_ne
  ---
  message: 'test.c:226: assertion failed: `ptr != ptr`. Values: 0x80000001, 0x80000001. comparing the same pointer'
  ...
not ok 19 test_fail_assert_str_eq_define
  ---
  message: 'test.c:251: assertion failed: `strcmp(STRING1, STRING2) == 0`. Values: `asdfghjkl`, ``. check error messages with preprocessor definitions'
  ...
not ok 20 test_fail_assert_str_eq_literal
  ---
  message: 'test.c:236: assertion failed: `strcmp("abcdef", "zyx") == 0`. Values: `abcdef`, `zyx`. check error messages with literals'
  ...
not ok 21 test_fail_assert_str_eq_var
  ---
  message: 'test.c:244: assertion failed: `strcmp(s1, s2) == 0`. Values: `eee`, `qwertyuiop`. check error messages with variables'
  ...
not ok 22 test_fail_assert_str_ne_define
  ---
  message: 'test.c:279: assertion failed: `strcmp(STRING1, STRING2) != 0`. Values: `asdfghjkl`, `asdfghjkl`. check error messages with preprocessor definitions'
  ...
not ok 23 test_fail_assert_str_ne_literal
  ---
  message: 'test.c:264: assertion failed: `strcmp("zxcvbnm", "zxcvbnm") != 0`. Values: `zxcvbnm`, `zxcvbnm`. check error messages with literals'
  ...
not ok 24 test_fail_assert_str_ne_var
  ---
  message: 'test.c:272: assertion failed: `strcmp(s1, s2) != 0`. Values: `qwertyuiop`, `qwertyuiop`. check error messages with variables'
  ...
not ok 25 test_fail_assert_true_define
  ---
  message: 'test.c:34: assertion failed: `A > B` - check error messages with preprocessor definitions'
  ...
not ok 26 test_fail_assert_true_formatted_message
  ---
  message: 'test.c:14: assertion failed: `0 > 1` - not that useful'
  ...
not ok 27 test_fail_assert_true_literal
  ---
  message: 'test.c:19: assertion failed: `0 > 1` - check error messages with literals'
  ...
not ok 28 test_fail_assert_true_var
  ---
  message: 'test.c:27: assertion failed: `a == b` - check error messages with variable names'
  ...
not ok 29 test_fail_assert_uint_eq_define
  ---
  message: 'test.c:92: assertion failed: `A == B`. Values: 5, 10. check error messages with preprocessor definitions'
  ...
not ok 30 test_fail_assert_uint_eq_literal
  ---
  message: 'test.c:77: assertion failed: `20 == 10`. Values: 20, 10. check error messages with literals'
  ...
not ok 31 test_fail_assert_uint_eq_no_message
  ---
  message: 'test.c:73: assertion failed: `20 == 10`. Values: 20, 10. '
  ...
not ok 32 test_fail_assert_uint_eq_var
  ---
  message: 'test.c:85: assertion failed: `a == b`. Values: 2, 3. check error messages with variable names'
  ...
not ok 33 test_fail_assert_uint_ne_define
  ---
  message: 'test.c:119: assertion failed: `A != B`. Values: 500, 500. check error messages with preprocessor definitions'
  ...
not ok 34 test_fail_assert_uint_ne_literal
  ---
  message: 'test.c:104: assertion failed: `20 != 20`. Values: 20, 20. check error messages with literals'
  ...
not ok 35 test_fail_assert_uint_ne_var
  ---
  message: 'test.c:112: assertion failed: `a != b`. Values: 3, 3. check error messages with variable names'
  ...
not ok 36 test_fail_in_setup
  ---
  message: 'test.c:359: assertion failed: `1 == 4` - this should fail'
  ...
ok 37 test_pass_assert_false
ok 38 test_pass_assert_int_eq
ok 39 test_pass_assert_int_ne
ok 40 test_pass_assert_mem_eq
ok 41 test_pass_assert_mem_ne
ok 42 test_pass_assert_ptr_eq
ok 43 test_pass_assert_ptr_eq_null
ok 44 test_pass_assert_ptr_ne
ok 45 test_pass_assert_ptr_ne_null
ok 46 test_pass_assert_str_eq
ok 47 test_pass_assert_str_ne
ok 48 test_pass_assert_true
ok 49 test_pass_assert_uint_eq
ok 50 test_pass_assert_uint_ne
ok 51 test_pass_in_setup
ok 52 test_skip # SKIP  testing SKIP
ok 53 test_skip_without_reason # SKIP  
